2025-10-18T12:47:52.9168040Z Current runner version: '2.329.0'
2025-10-18T12:47:52.9181430Z ##[group]Runner Image Provisioner
2025-10-18T12:47:52.9181880Z Hosted Compute Agent
2025-10-18T12:47:52.9182210Z Version: 20251016.436
2025-10-18T12:47:52.9182570Z Commit: 8ab8ac8bfd662a3739dab9fe09456aba92132568
2025-10-18T12:47:52.9183000Z Build Date: 2025-10-15T20:44:12Z
2025-10-18T12:47:52.9183360Z ##[endgroup]
2025-10-18T12:47:52.9183670Z ##[group]Operating System
2025-10-18T12:47:52.9184010Z macOS
2025-10-18T12:47:52.9184300Z 14.7.6
2025-10-18T12:47:52.9184590Z 23H626
2025-10-18T12:47:52.9184860Z ##[endgroup]
2025-10-18T12:47:52.9185150Z ##[group]Runner Image
2025-10-18T12:47:52.9185450Z Image: macos-14-arm64
2025-10-18T12:47:52.9185760Z Version: 20251013.0032
2025-10-18T12:47:52.9186430Z Included Software: https://github.com/actions/runner-images/blob/macos-14-arm64/20251013.0032/images/macos/macos-14-arm64-Readme.md
2025-10-18T12:47:52.9187410Z Image Release: https://github.com/actions/runner-images/releases/tag/macos-14-arm64%2F20251013.0032
2025-10-18T12:47:52.9188010Z ##[endgroup]
2025-10-18T12:47:52.9189510Z ##[group]GITHUB_TOKEN Permissions
2025-10-18T12:47:52.9190500Z Actions: write
2025-10-18T12:47:52.9190800Z Attestations: write
2025-10-18T12:47:52.9191200Z Checks: write
2025-10-18T12:47:52.9191480Z Contents: write
2025-10-18T12:47:52.9191770Z Deployments: write
2025-10-18T12:47:52.9192070Z Discussions: write
2025-10-18T12:47:52.9192360Z Issues: write
2025-10-18T12:47:52.9192660Z Metadata: read
2025-10-18T12:47:52.9192950Z Models: read
2025-10-18T12:47:52.9193230Z Packages: write
2025-10-18T12:47:52.9193530Z Pages: write
2025-10-18T12:47:52.9193820Z PullRequests: write
2025-10-18T12:47:52.9194140Z RepositoryProjects: write
2025-10-18T12:47:52.9194470Z SecurityEvents: write
2025-10-18T12:47:52.9194820Z Statuses: write
2025-10-18T12:47:52.9195120Z ##[endgroup]
2025-10-18T12:47:52.9196360Z Secret source: Actions
2025-10-18T12:47:52.9196750Z Prepare workflow directory
2025-10-18T12:47:52.9401520Z Prepare all required actions
2025-10-18T12:47:52.9428090Z Getting action download info
2025-10-18T12:47:53.3234710Z Download action repository 'actions/checkout@v4' (SHA:08eba0b27e820071cde6df949e0beb9ba4906955)
2025-10-18T12:47:53.5557440Z Download action repository 'actions/cache@v4' (SHA:0057852bfaa89a56745cba8c7296529d2fc39830)
2025-10-18T12:47:53.6339000Z Download action repository 'actions/upload-artifact@v4' (SHA:ea165f8d65b6e75b540449e92b4886f43607fa02)
2025-10-18T12:47:53.8106250Z Complete job name: Development build (2, ios)
2025-10-18T12:47:53.8554470Z ##[group]Run set -e
2025-10-18T12:47:53.8554890Z [36;1mset -e[0m
2025-10-18T12:47:53.8555280Z [36;1mecho "Available apps in /Applications (matching Xcode*):"[0m
2025-10-18T12:47:53.8555810Z [36;1mls /Applications | grep -E "Xcode(.+)?\.app" || true[0m
2025-10-18T12:47:53.8556320Z [36;1m# Prefer Xcode_16, then Xcode_15, then /Applications/Xcode.app[0m
2025-10-18T12:47:53.8556800Z [36;1mif [ -d "/Applications/Xcode_16.app" ]; then[0m
2025-10-18T12:47:53.8557220Z [36;1m  echo "Selecting /Applications/Xcode_16.app"[0m
2025-10-18T12:47:53.8557760Z [36;1m  sudo xcode-select -s /Applications/Xcode_16.app/Contents/Developer[0m
2025-10-18T12:47:53.8558280Z [36;1melif [ -d "/Applications/Xcode_15.app" ]; then[0m
2025-10-18T12:47:53.8558710Z [36;1m  echo "Selecting /Applications/Xcode_15.app"[0m
2025-10-18T12:47:53.8559210Z [36;1m  sudo xcode-select -s /Applications/Xcode_15.app/Contents/Developer[0m
2025-10-18T12:47:53.8559740Z [36;1melif [ -d "/Applications/Xcode.app" ]; then[0m
2025-10-18T12:47:53.8560160Z [36;1m  echo "Selecting /Applications/Xcode.app"[0m
2025-10-18T12:47:53.8560730Z [36;1m  sudo xcode-select -s /Applications/Xcode.app/Contents/Developer[0m
2025-10-18T12:47:53.8561180Z [36;1melse[0m
2025-10-18T12:47:53.8561710Z [36;1m  echo "No preinstalled Xcode found under /Applications that matches the search. Leaving system default."[0m
2025-10-18T12:47:53.8562300Z [36;1mfi[0m
2025-10-18T12:47:53.8562570Z [36;1mxcodebuild -version || true[0m
2025-10-18T12:47:53.8563460Z [36;1mecho "Available simulator runtimes (for debugging):"[0m
2025-10-18T12:47:53.8563950Z [36;1mxcrun simctl list runtimes || true[0m
2025-10-18T12:47:53.8749390Z shell: /bin/bash -e {0}
2025-10-18T12:47:53.8749990Z ##[endgroup]
2025-10-18T12:47:53.9195500Z Available apps in /Applications (matching Xcode*):
2025-10-18T12:47:53.9328160Z Xcode.app
2025-10-18T12:47:53.9430100Z Xcode_15.0.1.app
2025-10-18T12:47:53.9454820Z Xcode_15.0.app
2025-10-18T12:47:53.9455170Z Xcode_15.1.0.app
2025-10-18T12:47:53.9455510Z Xcode_15.1.app
2025-10-18T12:47:53.9455800Z Xcode_15.2.0.app
2025-10-18T12:47:53.9456080Z Xcode_15.2.app
2025-10-18T12:47:53.9456360Z Xcode_15.3.0.app
2025-10-18T12:47:53.9456640Z Xcode_15.3.app
2025-10-18T12:47:53.9456910Z Xcode_15.4.0.app
2025-10-18T12:47:53.9457180Z Xcode_15.4.app
2025-10-18T12:47:53.9457490Z Xcode_16.1.0.app
2025-10-18T12:47:53.9458190Z Xcode_16.1.app
2025-10-18T12:47:53.9458490Z Xcode_16.2.0.app
2025-10-18T12:47:53.9458780Z Xcode_16.2.app
2025-10-18T12:47:53.9459110Z Selecting /Applications/Xcode.app
2025-10-18T12:47:55.1038430Z Xcode 15.4
2025-10-18T12:47:55.1041690Z Build version 15F31d
2025-10-18T12:47:55.1042160Z Available simulator runtimes (for debugging):
2025-10-18T12:48:04.7365480Z == Runtimes ==
2025-10-18T12:48:04.7486470Z iOS 17.0 (17.0.1 - 21A342) - com.apple.CoreSimulator.SimRuntime.iOS-17-0
2025-10-18T12:48:04.7589160Z iOS 17.2 (17.2 - 21C62) - com.apple.CoreSimulator.SimRuntime.iOS-17-2
2025-10-18T12:48:04.7613100Z iOS 17.4 (17.4 - 21E213) - com.apple.CoreSimulator.SimRuntime.iOS-17-4
2025-10-18T12:48:04.7715440Z iOS 17.5 (17.5 - 21F79) - com.apple.CoreSimulator.SimRuntime.iOS-17-5
2025-10-18T12:48:04.7818500Z iOS 18.1 (18.1 - 22B81) - com.apple.CoreSimulator.SimRuntime.iOS-18-1
2025-10-18T12:48:04.7930910Z iOS 18.2 (18.2 - 22C150) - com.apple.CoreSimulator.SimRuntime.iOS-18-2
2025-10-18T12:48:04.8034690Z tvOS 17.0 (17.0 - 21J353) - com.apple.CoreSimulator.SimRuntime.tvOS-17-0
2025-10-18T12:48:04.8098880Z tvOS 17.2 (17.2 - 21K364) - com.apple.CoreSimulator.SimRuntime.tvOS-17-2
2025-10-18T12:48:04.8099790Z tvOS 17.4 (17.4 - 21L224) - com.apple.CoreSimulator.SimRuntime.tvOS-17-4
2025-10-18T12:48:04.8100280Z tvOS 17.5 (17.5 - 21L569) - com.apple.CoreSimulator.SimRuntime.tvOS-17-5
2025-10-18T12:48:04.8100970Z tvOS 18.1 (18.1 - 22J578) - com.apple.CoreSimulator.SimRuntime.tvOS-18-1
2025-10-18T12:48:04.8101520Z tvOS 18.2 (18.2 - 22K154) - com.apple.CoreSimulator.SimRuntime.tvOS-18-2
2025-10-18T12:48:04.8150090Z watchOS 10.0 (10.0 - 21R355) - com.apple.CoreSimulator.SimRuntime.watchOS-10-0
2025-10-18T12:48:04.8151170Z watchOS 10.2 (10.2 - 21S364) - com.apple.CoreSimulator.SimRuntime.watchOS-10-2
2025-10-18T12:48:04.8152230Z watchOS 10.4 (10.4 - 21T214) - com.apple.CoreSimulator.SimRuntime.watchOS-10-4
2025-10-18T12:48:04.8152700Z watchOS 10.5 (10.5 - 21T575) - com.apple.CoreSimulator.SimRuntime.watchOS-10-5
2025-10-18T12:48:04.8153220Z watchOS 11.1 (11.1 - 22R581) - com.apple.CoreSimulator.SimRuntime.watchOS-11-1
2025-10-18T12:48:04.8153750Z watchOS 11.2 (11.2 - 22S99) - com.apple.CoreSimulator.SimRuntime.watchOS-11-2
2025-10-18T12:48:04.8154220Z visionOS 1.0 (1.0 - 21N305) - com.apple.CoreSimulator.SimRuntime.xrOS-1-0
2025-10-18T12:48:04.8154740Z visionOS 1.1 (1.1 - 21O209) - com.apple.CoreSimulator.SimRuntime.xrOS-1-1
2025-10-18T12:48:04.8155240Z visionOS 1.2 (1.2 - 21O5565d) - com.apple.CoreSimulator.SimRuntime.xrOS-1-2
2025-10-18T12:48:04.8155770Z visionOS 2.1 (2.1 - 22N580) - com.apple.CoreSimulator.SimRuntime.xrOS-2-1
2025-10-18T12:48:04.8156200Z visionOS 2.2 (2.2 - 22N840) - com.apple.CoreSimulator.SimRuntime.xrOS-2-2
2025-10-18T12:48:04.8347310Z ##[group]Run brew update
2025-10-18T12:48:04.8348460Z [36;1mbrew update[0m
2025-10-18T12:48:04.8348830Z [36;1mbrew install make[0m
2025-10-18T12:48:04.8827770Z shell: /bin/bash -e {0}
2025-10-18T12:48:04.8828120Z ##[endgroup]
2025-10-18T12:48:07.8297840Z [34m==>[0m [1mUpdating Homebrew...[0m
2025-10-18T12:48:21.2808860Z To restore the stashed changes to /opt/homebrew/Library/Taps/homebrew/homebrew-core, run:
2025-10-18T12:48:21.2857190Z   cd /opt/homebrew/Library/Taps/homebrew/homebrew-core && git stash pop
2025-10-18T12:48:22.8424970Z [34m==>[0m [1mHomebrew's analytics have entirely moved to our InfluxDB instance in the EU.[0m
2025-10-18T12:48:22.8429460Z We gather less data than before and have destroyed all Google Analytics data:
2025-10-18T12:48:22.8453620Z   [4mhttps://docs.brew.sh/Analytics[24m[0m
2025-10-18T12:48:22.8454920Z Please reconsider re-enabling analytics to help our volunteer maintainers with:
2025-10-18T12:48:22.8474790Z   brew analytics on
2025-10-18T12:48:22.8655620Z [34m==>[0m [1mHomebrew is run entirely by unpaid volunteers. Please consider donating:[0m
2025-10-18T12:48:22.8656750Z   [4mhttps://github.com/Homebrew/brew#donations[24m
2025-10-18T12:48:22.8657180Z 
2025-10-18T12:48:24.2936010Z Updated 4 taps (hashicorp/tap, aws/tap, homebrew/core and homebrew/cask).
2025-10-18T12:48:24.2938080Z [34m==>[0m [1mNew Formulae[0m
2025-10-18T12:48:24.8299280Z clippy: Copy files from your terminal that actually paste into GUI apps
2025-10-18T12:48:24.8405230Z [34m==>[0m [1mNew Casks[0m
2025-10-18T12:48:25.0585880Z backdrop: Live wallpaper app
2025-10-18T12:48:25.0666870Z codex: OpenAI's coding agent that runs in your terminal
2025-10-18T12:48:25.0703960Z emdash: UI for running multiple coding agents in parallel
2025-10-18T12:48:25.0746800Z launchos: Launchpad alternative
2025-10-18T12:48:25.0767550Z liquibase-community: Library for database change tracking
2025-10-18T12:48:25.0771000Z liquibase-secure: Database change management tool
2025-10-18T12:48:25.0796780Z macpacker: Archive manager
2025-10-18T12:48:25.0826450Z nook: Minimal browser with a sidebar-first design
2025-10-18T12:48:25.0834610Z proxygen-app: HTTP proxy tool
2025-10-18T12:48:25.0844980Z strawberry: AI-powered web browser
2025-10-18T12:48:25.5979680Z [34m==>[0m [1mOutdated Formulae[0m
2025-10-18T12:48:25.5980300Z aws-sam-cli
2025-10-18T12:48:25.5980800Z azure-cli
2025-10-18T12:48:25.5986220Z cryptography
2025-10-18T12:48:25.6020890Z gh
2025-10-18T12:48:25.6041630Z git
2025-10-18T12:48:25.6057190Z git-lfs
2025-10-18T12:48:25.6078710Z libngtcp2
2025-10-18T12:48:25.6137960Z python@3.13
2025-10-18T12:48:25.6147100Z swiftformat
2025-10-18T12:48:25.6147610Z 
2025-10-18T12:48:25.6147950Z You have [1m9[0m outdated formulae installed.
2025-10-18T12:48:25.6148620Z You can upgrade them with [1mbrew upgrade[0m
2025-10-18T12:48:25.6149050Z or list them with [1mbrew outdated[0m.
2025-10-18T12:48:27.5463600Z [32m==>[0m [1mFetching downloads for: [32mmake[39m[0m
2025-10-18T12:48:27.5555730Z [34m==>[0m [1mDownloading https://ghcr.io/v2/homebrew/core/make/manifests/4.4.1-1[0m
2025-10-18T12:48:28.0687910Z [32m==>[0m [1mFetching [32mmake[39m[0m
2025-10-18T12:48:28.0788820Z [34m==>[0m [1mDownloading https://ghcr.io/v2/homebrew/core/make/blobs/sha256:94377dc5a364da305c75fd7aa923a42897993de9edd1eb074428e13c3f2aaf93[0m
2025-10-18T12:48:28.4977720Z [34m==>[0m [1mPouring make--4.4.1.arm64_sonoma.bottle.1.tar.gz[0m
2025-10-18T12:48:28.7230950Z [34m==>[0m [1mCaveats[0m
2025-10-18T12:48:28.7339470Z GNU "make" has been installed as "gmake".
2025-10-18T12:48:28.7446000Z If you need to use it as "make", you can add a "gnubin" directory
2025-10-18T12:48:28.7547400Z to your PATH from your bashrc like:
2025-10-18T12:48:28.7648380Z 
2025-10-18T12:48:28.7753100Z     PATH="/opt/homebrew/opt/make/libexec/gnubin:$PATH"
2025-10-18T12:48:28.7854400Z [34m==>[0m [1mSummary[0m
2025-10-18T12:48:28.7925320Z 🍺  /opt/homebrew/Cellar/make/4.4.1: 17 files, 1.3MB
2025-10-18T12:48:28.8011370Z ##[group]Run brew install --cask temurin@8 || true
2025-10-18T12:48:28.8011660Z [36;1mbrew install --cask temurin@8 || true[0m
2025-10-18T12:48:28.8170740Z shell: /bin/bash -e {0}
2025-10-18T12:48:28.8170940Z ##[endgroup]
2025-10-18T12:48:29.6632640Z [34m==>[0m [1mCaveats[0m
2025-10-18T12:48:29.6633290Z temurin@8 is built for Intel macOS and so requires Rosetta 2 to be installed.
2025-10-18T12:48:29.6633670Z You can install Rosetta 2 with:
2025-10-18T12:48:29.6671520Z   softwareupdate --install-rosetta --agree-to-license
2025-10-18T12:48:29.6679960Z Note that it is very difficult to remove Rosetta 2 once it is installed.
2025-10-18T12:48:29.6697400Z 
2025-10-18T12:48:30.0684960Z [34m==>[0m [1mDownloading https://github.com/adoptium/temurin8-binaries/releases/download/jdk8u462-b08/OpenJDK8U-jdk_x64_mac_hotspot_8u462b08.pkg[0m
2025-10-18T12:48:30.0706600Z [34m==>[0m [1mDownloading from https://release-assets.githubusercontent.com/github-production-release-asset/372924428/4ef1c15f-92c6-44da-8245-30cfb5287697?sp=r&sv=2018-11-09&sr=b&spr=https&se=2025-10-18T13%3A23%3A18Z&rscd=attachment%3B+filename%3DOpenJDK8U-jdk_x64_mac_hotspot_8u462b08.pkg&rsct=application%2Foctet-stream&skoid=96c2d410-5711-43a1-aedd-ab1947aa7ab0&sktid=398a6654-997b-47e9-b12b-9515b896b4de&skt=2025-10-18T12%3A23%3A14Z&ske=2025-10-18T13%3A23%3A18Z&sks=b&skv=2018-11-09&sig=6ZspKgr%2FEdL8iU6fp%2BFFfFU9iLjK2XibHqgKj8gQYe8%3D&jwt=***
2025-10-18T12:48:33.8869830Z [32m==>[0m [1mInstalling Cask [32mtemurin@8[39m[0m
2025-10-18T12:48:33.9287150Z [34m==>[0m [1mRunning installer for temurin@8 with `sudo` (which may request your password)...[0m
2025-10-18T12:48:56.4661240Z installer: Package name is Eclipse Temurin
2025-10-18T12:48:56.4666570Z installer: Installing at base path /
2025-10-18T12:48:56.4667400Z installer: The install was successful.
2025-10-18T12:48:56.5071520Z 🍺  temurin@8 was successfully installed!
2025-10-18T12:48:56.5405200Z ##[group]Run brew install ldid || true
2025-10-18T12:48:56.5405520Z [36;1mbrew install ldid || true[0m
2025-10-18T12:48:56.5626390Z shell: /bin/bash -e {0}
2025-10-18T12:48:56.5626590Z ##[endgroup]
2025-10-18T12:48:58.0255080Z [32m==>[0m [1mFetching downloads for: [32mldid[39m[0m
2025-10-18T12:48:58.0268710Z [34m==>[0m [1mDownloading https://ghcr.io/v2/homebrew/core/ldid/manifests/2.1.5_1[0m
2025-10-18T12:48:58.4642230Z [32m==>[0m [1mFetching dependencies for ldid: [32mlibplist[39m[0m
2025-10-18T12:48:58.4651130Z [34m==>[0m [1mDownloading https://ghcr.io/v2/homebrew/core/libplist/manifests/2.7.0[0m
2025-10-18T12:48:58.7718070Z [32m==>[0m [1mFetching [32mlibplist[39m[0m
2025-10-18T12:48:58.7727160Z [34m==>[0m [1mDownloading https://ghcr.io/v2/homebrew/core/libplist/blobs/sha256:06036e6de87c0a8bfc917d72f2af3f63ea6eb557391035782ca8bddb5506c342[0m
2025-10-18T12:48:59.2621850Z [32m==>[0m [1mFetching [32mldid[39m[0m
2025-10-18T12:48:59.2641380Z [34m==>[0m [1mDownloading https://ghcr.io/v2/homebrew/core/ldid/blobs/sha256:e3c26343041639b82e88edf54d3af9f579876f800b7aeada94d36c807e441c27[0m
2025-10-18T12:48:59.6775880Z [32m==>[0m [1mInstalling ldid dependency: [32mlibplist[39m[0m
2025-10-18T12:48:59.6818940Z [34m==>[0m [1mDownloading https://ghcr.io/v2/homebrew/core/libplist/manifests/2.7.0[0m
2025-10-18T12:48:59.6869050Z Already downloaded: /Users/runner/Library/Caches/Homebrew/downloads/e0496924f58628f0bb8aae0a1177d8f8f003e2e9f9f949939fd2399aced47c4d--libplist-2.7.0.bottle_manifest.json
2025-10-18T12:48:59.6871150Z [34m==>[0m [1mPouring libplist--2.7.0.arm64_sonoma.bottle.tar.gz[0m
2025-10-18T12:48:59.9058380Z 🍺  /opt/homebrew/Cellar/libplist/2.7.0: 32 files, 646.5KB
2025-10-18T12:48:59.9063520Z [34m==>[0m [1mPouring ldid--2.1.5_1.arm64_sonoma.bottle.tar.gz[0m
2025-10-18T12:48:59.9909770Z 🍺  /opt/homebrew/Cellar/ldid/2.1.5_1: 6 files, 286.1KB
2025-10-18T12:49:00.0263180Z ##[group]Run echo "before"
2025-10-18T12:49:00.0263530Z [36;1mecho "before"[0m
2025-10-18T12:49:00.0263790Z [36;1mls -lah ./[0m
2025-10-18T12:49:00.0264020Z [36;1mrm -rf ./* || true[0m
2025-10-18T12:49:00.0264220Z [36;1mrm -rf ./.??* || true[0m
2025-10-18T12:49:00.0264450Z [36;1mecho "after"[0m
2025-10-18T12:49:00.0264750Z [36;1mls -lah ./[0m
2025-10-18T12:49:00.0342400Z shell: /bin/bash -e {0}
2025-10-18T12:49:00.0342650Z ##[endgroup]
2025-10-18T12:49:00.0719670Z before
2025-10-18T12:49:00.0757490Z total 0
2025-10-18T12:49:00.0758260Z drwxr-xr-x  2 runner  staff    64B Oct 18 12:47 .
2025-10-18T12:49:00.0758710Z drwxr-xr-x  3 runner  staff    96B Oct 18 12:47 ..
2025-10-18T12:49:00.0804990Z after
2025-10-18T12:49:00.0836990Z total 0
2025-10-18T12:49:00.0838960Z drwxr-xr-x  2 runner  staff    64B Oct 18 12:47 .
2025-10-18T12:49:00.0839330Z drwxr-xr-x  3 runner  staff    96B Oct 18 12:47 ..
2025-10-18T12:49:00.0996800Z ##[group]Run actions/checkout@v4
2025-10-18T12:49:00.0997040Z with:
2025-10-18T12:49:00.0997230Z   repository: herbrine8403/Amethyst-iOS-MyRemastered
2025-10-18T12:49:00.0997700Z   token: ***
2025-10-18T12:49:00.0997810Z   ssh-strict: true
2025-10-18T12:49:00.0997930Z   ssh-user: git
2025-10-18T12:49:00.0998060Z   persist-credentials: true
2025-10-18T12:49:00.0998210Z   clean: true
2025-10-18T12:49:00.0998360Z   sparse-checkout-cone-mode: true
2025-10-18T12:49:00.0998530Z   fetch-depth: 1
2025-10-18T12:49:00.0998650Z   fetch-tags: false
2025-10-18T12:49:00.0998790Z   show-progress: true
2025-10-18T12:49:00.0998930Z   lfs: false
2025-10-18T12:49:00.0999050Z   submodules: false
2025-10-18T12:49:00.0999200Z   set-safe-directory: true
2025-10-18T12:49:00.0999370Z ##[endgroup]
2025-10-18T12:49:00.2963890Z Syncing repository: herbrine8403/Amethyst-iOS-MyRemastered
2025-10-18T12:49:00.2965520Z ##[group]Getting Git version info
2025-10-18T12:49:00.2965950Z Working directory is '/Users/runner/work/Amethyst-iOS-MyRemastered/Amethyst-iOS-MyRemastered'
2025-10-18T12:49:00.2966500Z [command]/opt/homebrew/bin/git version
2025-10-18T12:49:00.2968510Z git version 2.50.1
2025-10-18T12:49:00.2989880Z ##[endgroup]
2025-10-18T12:49:00.3007690Z Copying '/Users/runner/.gitconfig' to '/Users/runner/work/_temp/61b75873-966e-4684-a994-8d8867a8dd28/.gitconfig'
2025-10-18T12:49:00.3013900Z Temporarily overriding HOME='/Users/runner/work/_temp/61b75873-966e-4684-a994-8d8867a8dd28' before making global git config changes
2025-10-18T12:49:00.3014840Z Adding repository directory to the temporary git global config as a safe directory
2025-10-18T12:49:00.3017910Z [command]/opt/homebrew/bin/git config --global --add safe.directory /Users/runner/work/Amethyst-iOS-MyRemastered/Amethyst-iOS-MyRemastered
2025-10-18T12:49:00.3082910Z Deleting the contents of '/Users/runner/work/Amethyst-iOS-MyRemastered/Amethyst-iOS-MyRemastered'
2025-10-18T12:49:00.3086010Z ##[group]Initializing the repository
2025-10-18T12:49:00.3089950Z [command]/opt/homebrew/bin/git init /Users/runner/work/Amethyst-iOS-MyRemastered/Amethyst-iOS-MyRemastered
2025-10-18T12:49:00.3212580Z hint: Using 'master' as the name for the initial branch. This default branch name
2025-10-18T12:49:00.3316800Z hint: is subject to change. To configure the initial branch name to use in all
2025-10-18T12:49:00.3374780Z hint: of your new repositories, which will suppress this warning, call:
2025-10-18T12:49:00.3445570Z hint:
2025-10-18T12:49:00.3451450Z hint: 	git config --global init.defaultBranch <name>
2025-10-18T12:49:00.3459230Z hint:
2025-10-18T12:49:00.3459550Z hint: Names commonly chosen instead of 'master' are 'main', 'trunk' and
2025-10-18T12:49:00.3460070Z hint: 'development'. The just-created branch can be renamed via this command:
2025-10-18T12:49:00.3460900Z hint:
2025-10-18T12:49:00.3461140Z hint: 	git branch -m <name>
2025-10-18T12:49:00.3461440Z hint:
2025-10-18T12:49:00.3461940Z hint: Disable this message with "git config set advice.defaultBranchName false"
2025-10-18T12:49:00.3462910Z Initialized empty Git repository in /Users/runner/work/Amethyst-iOS-MyRemastered/Amethyst-iOS-MyRemastered/.git/
2025-10-18T12:49:00.3465120Z [command]/opt/homebrew/bin/git remote add origin https://github.com/herbrine8403/Amethyst-iOS-MyRemastered
2025-10-18T12:49:00.3466920Z ##[endgroup]
2025-10-18T12:49:00.3467510Z ##[group]Disabling automatic garbage collection
2025-10-18T12:49:00.3468200Z [command]/opt/homebrew/bin/git config --local gc.auto 0
2025-10-18T12:49:00.3469620Z ##[endgroup]
2025-10-18T12:49:00.3470470Z ##[group]Setting up auth
2025-10-18T12:49:00.3470850Z [command]/opt/homebrew/bin/git config --local --name-only --get-regexp core\.sshCommand
2025-10-18T12:49:00.3471980Z [command]/opt/homebrew/bin/git submodule foreach --recursive sh -c "git config --local --name-only --get-regexp 'core\.sshCommand' && git config --local --unset-all 'core.sshCommand' || :"
2025-10-18T12:49:00.4120120Z [command]/opt/homebrew/bin/git config --local --name-only --get-regexp http\.https\:\/\/github\.com\/\.extraheader
2025-10-18T12:49:00.4168820Z [command]/opt/homebrew/bin/git submodule foreach --recursive sh -c "git config --local --name-only --get-regexp 'http\.https\:\/\/github\.com\/\.extraheader' && git config --local --unset-all 'http.https://github.com/.extraheader' || :"
2025-10-18T12:49:00.4689400Z [command]/opt/homebrew/bin/git config --local http.https://github.com/.extraheader AUTHORIZATION: basic ***
2025-10-18T12:49:00.4737930Z ##[endgroup]
2025-10-18T12:49:00.4738460Z ##[group]Fetching the repository
2025-10-18T12:49:00.4746160Z [command]/opt/homebrew/bin/git -c protocol.version=2 fetch --no-tags --prune --no-recurse-submodules --depth=1 origin +3e98804a25b498d823b6e389425b0b817d4bf38a:refs/remotes/origin/auth/authlib-injector
2025-10-18T12:49:03.5606540Z From https://github.com/herbrine8403/Amethyst-iOS-MyRemastered
2025-10-18T12:49:03.5607370Z  * [new ref]         3e98804a25b498d823b6e389425b0b817d4bf38a -> origin/auth/authlib-injector
2025-10-18T12:49:03.5657870Z ##[endgroup]
2025-10-18T12:49:03.5658340Z ##[group]Determining the checkout info
2025-10-18T12:49:03.5658790Z ##[endgroup]
2025-10-18T12:49:03.5661840Z [command]/opt/homebrew/bin/git sparse-checkout disable
2025-10-18T12:49:03.5716880Z [command]/opt/homebrew/bin/git config --local --unset-all extensions.worktreeConfig
2025-10-18T12:49:03.5767580Z ##[group]Checking out the ref
2025-10-18T12:49:03.5770620Z [command]/opt/homebrew/bin/git checkout --progress --force -B auth/authlib-injector refs/remotes/origin/auth/authlib-injector
2025-10-18T12:49:04.1350180Z Switched to a new branch 'auth/authlib-injector'
2025-10-18T12:49:04.1354400Z branch 'auth/authlib-injector' set up to track 'origin/auth/authlib-injector'.
2025-10-18T12:49:04.1364170Z ##[endgroup]
2025-10-18T12:49:04.1440860Z [command]/opt/homebrew/bin/git log -1 --format=%H
2025-10-18T12:49:04.1491890Z 3e98804a25b498d823b6e389425b0b817d4bf38a
2025-10-18T12:49:04.1588610Z ##[group]Run git submodule update --init --recursive
2025-10-18T12:49:04.1588930Z [36;1mgit submodule update --init --recursive[0m
2025-10-18T12:49:04.1650350Z shell: /bin/bash -e {0}
2025-10-18T12:49:04.1650560Z ##[endgroup]
2025-10-18T12:49:04.3167830Z Submodule 'Natives/external/AFNetworking' (https://github.com/AFNetworking/AFNetworking) registered for path 'Natives/external/AFNetworking'
2025-10-18T12:49:04.3288560Z Submodule 'Natives/external/DBNumberedSlider' (https://github.com/khanhduytran0/DBNumberedSlider) registered for path 'Natives/external/DBNumberedSlider'
2025-10-18T12:49:04.3505140Z Submodule 'Natives/external/MobileGlues' (https://github.com/MobileGL-Dev/MobileGlues) registered for path 'Natives/external/MobileGlues'
2025-10-18T12:49:04.3507670Z Submodule 'Natives/external/fishhook' (https://github.com/khanhduytran0/fishhook) registered for path 'Natives/external/fishhook'
2025-10-18T12:49:04.3610980Z Cloning into '/Users/runner/work/Amethyst-iOS-MyRemastered/Amethyst-iOS-MyRemastered/Natives/external/AFNetworking'...
2025-10-18T12:49:05.5570150Z Cloning into '/Users/runner/work/Amethyst-iOS-MyRemastered/Amethyst-iOS-MyRemastered/Natives/external/DBNumberedSlider'...
2025-10-18T12:49:06.1615660Z Cloning into '/Users/runner/work/Amethyst-iOS-MyRemastered/Amethyst-iOS-MyRemastered/Natives/external/MobileGlues'...
2025-10-18T12:49:09.4314680Z Cloning into '/Users/runner/work/Amethyst-iOS-MyRemastered/Amethyst-iOS-MyRemastered/Natives/external/fishhook'...
2025-10-18T12:49:10.0713320Z Submodule path 'Natives/external/AFNetworking': checked out '4eaec5b586ddd897ebeda896e332a62a9fdab818'
2025-10-18T12:49:10.1016670Z Submodule path 'Natives/external/DBNumberedSlider': checked out '4eddc68b5f92247f8afc0f6114d1b92b338749f4'
2025-10-18T12:49:10.4574550Z Submodule path 'Natives/external/MobileGlues': checked out 'c2bcd17430d4fe4b8cfb0b3f59441047188b178b'
2025-10-18T12:49:10.4616200Z Submodule 'src/main/cpp/3rdparty/glm' (https://github.com/g-truc/glm.git) registered for path 'Natives/external/MobileGlues/src/main/cpp/3rdparty/glm'
2025-10-18T12:49:10.4621480Z Submodule 'src/main/cpp/3rdparty/perfetto' (https://android.googlesource.com/platform/external/perfetto) registered for path 'Natives/external/MobileGlues/src/main/cpp/3rdparty/perfetto'
2025-10-18T12:49:10.4630460Z Submodule 'src/main/cpp/3rdparty/xxhash' (https://github.com/stbrumme/xxhash.git) registered for path 'Natives/external/MobileGlues/src/main/cpp/3rdparty/xxhash'
2025-10-18T12:49:10.4699620Z Cloning into '/Users/runner/work/Amethyst-iOS-MyRemastered/Amethyst-iOS-MyRemastered/Natives/external/MobileGlues/src/main/cpp/3rdparty/glm'...
2025-10-18T12:49:13.9098160Z Cloning into '/Users/runner/work/Amethyst-iOS-MyRemastered/Amethyst-iOS-MyRemastered/Natives/external/MobileGlues/src/main/cpp/3rdparty/perfetto'...
2025-10-18T12:49:25.3251510Z Cloning into '/Users/runner/work/Amethyst-iOS-MyRemastered/Amethyst-iOS-MyRemastered/Natives/external/MobileGlues/src/main/cpp/3rdparty/xxhash'...
2025-10-18T12:49:26.1394410Z Submodule path 'Natives/external/MobileGlues/src/main/cpp/3rdparty/glm': checked out '2d4c4b4dd31fde06cfffad7915c2b3006402322f'
2025-10-18T12:49:27.5710150Z Submodule path 'Natives/external/MobileGlues/src/main/cpp/3rdparty/perfetto': checked out '33a4fd07897a9a648664926ea27769278a19ff13'
2025-10-18T12:49:27.6178920Z Submodule path 'Natives/external/MobileGlues/src/main/cpp/3rdparty/xxhash': checked out 'c2866db364b6ea3a11933e62235ddc166ba18565'
2025-10-18T12:49:27.6725840Z Submodule path 'Natives/external/fishhook': checked out '27bedb2ab670cc51d7be06d538b249564b47cfbf'
2025-10-18T12:49:27.6829530Z ##[group]Run echo "sha=$(git ls-remote https://github.com/PojavLauncherTeam/gl4es-114-extra refs/heads/master | grep -io '^\S*')" >> $GITHUB_OUTPUT
2025-10-18T12:49:27.6830600Z [36;1mecho "sha=$(git ls-remote https://github.com/PojavLauncherTeam/gl4es-114-extra refs/heads/master | grep -io '^\S*')" >> $GITHUB_OUTPUT[0m
2025-10-18T12:49:27.7154520Z shell: /bin/bash -e {0}
2025-10-18T12:49:27.7154700Z ##[endgroup]
2025-10-18T12:49:28.2161530Z ##[group]Run export PATH=/opt/homebrew/bin:$PATH
2025-10-18T12:49:28.2162010Z [36;1mexport PATH=/opt/homebrew/bin:$PATH[0m
2025-10-18T12:49:28.2162310Z [36;1mexport SLIMMED=0[0m
2025-10-18T12:49:28.2162560Z [36;1mif [ "ios" == "ios" ]; then[0m
2025-10-18T12:49:28.2163020Z [36;1m  # Build ipa and tipa for iOS[0m
2025-10-18T12:49:28.2163440Z [36;1m  gmake -j$(sysctl -n hw.ncpu) dsym package PLATFORM=2[0m
2025-10-18T12:49:28.2163940Z [36;1m  gmake -j$(sysctl -n hw.ncpu) dsym package PLATFORM=2 TROLLSTORE_JIT_ENT=1[0m
2025-10-18T12:49:28.2164380Z [36;1melif [ "ios" == "tvos" ]; then[0m
2025-10-18T12:49:28.2164710Z [36;1m  # Build tipa only for tvOS[0m
2025-10-18T12:49:28.2165120Z [36;1m  gmake -j$(sysctl -n hw.ncpu) dsym package PLATFORM=2 TROLLSTORE_JIT_ENT=1[0m
2025-10-18T12:49:28.2165520Z [36;1melse[0m
2025-10-18T12:49:28.2165820Z [36;1m  # Build ipa only for everything else[0m
2025-10-18T12:49:28.2166290Z [36;1m  gmake -j$(sysctl -n hw.ncpu) dsym package PLATFORM=2[0m
2025-10-18T12:49:28.2166620Z [36;1mfi[0m
2025-10-18T12:49:28.2240800Z shell: /bin/bash -e {0}
2025-10-18T12:49:28.2241080Z env:
2025-10-18T12:49:28.2241340Z   IPHONEOS_DEPLOYMENT_TARGET: 14
2025-10-18T12:49:28.2241600Z ##[endgroup]
2025-10-18T12:49:28.3477110Z Makefile:55: Building on macOS.
2025-10-18T12:49:28.3495960Z Makefile:79: Set PLATFORM to 2, which is equal to iOS.
2025-10-18T12:49:30.6195510Z [Amethyst v1.0] native - start
2025-10-18T12:49:30.6458490Z gmake[1]: warning: -j3 forced in submake: resetting jobserver mode.
2025-10-18T12:49:30.6458910Z [Amethyst v1.0] java - start
2025-10-18T12:49:30.6467250Z [Amethyst v1.0] assets - start
2025-10-18T12:49:30.6479470Z gmake[1]: Entering directory '/Users/runner/work/Amethyst-iOS-MyRemastered/Amethyst-iOS-MyRemastered/JavaApp'
2025-10-18T12:49:30.6589250Z CMake Warning:
2025-10-18T12:49:30.6591190Z   Ignoring extra path from command line:
2025-10-18T12:49:30.6603600Z 
2025-10-18T12:49:30.6613550Z    "/Users/runner/work/Amethyst-iOS-MyRemastered/Amethyst-iOS-MyRemastered/Natives/build"
2025-10-18T12:49:30.6646010Z 
2025-10-18T12:49:30.6692910Z 
2025-10-18T12:49:30.6706370Z CMake Warning:
2025-10-18T12:49:30.6726950Z   Ignoring extra path from command line:
2025-10-18T12:49:30.6783260Z 
2025-10-18T12:49:30.6783600Z Compiling src/launcher/net/kdt/pojavlaunch/PojavClassLoader.java
2025-10-18T12:49:30.6819460Z    "."
2025-10-18T12:49:30.6819760Z Compiling src/launcher/net/kdt/pojavlaunch/PojavLauncher.java
2025-10-18T12:49:30.6954220Z 
2025-10-18T12:49:30.6954520Z Compiling src/launcher/net/kdt/pojavlaunch/LWJGLGLFWKeycode.java
2025-10-18T12:49:30.7055150Z 
2025-10-18T12:49:30.7156970Z CMake Deprecation Warning at CMakeLists.txt:1 (cmake_minimum_required):
2025-10-18T12:49:30.7257990Z   Compatibility with CMake < 3.10 will be removed from a future version of
2025-10-18T12:49:30.7371090Z   CMake.
2025-10-18T12:49:30.7472080Z 
2025-10-18T12:49:30.7573430Z   Update the VERSION argument <min> value.  Or, use the <min>...<max> syntax
2025-10-18T12:49:30.7678440Z   to tell CMake that the project requires at least <min> but has been updated
2025-10-18T12:49:30.7782840Z   to work with policies introduced by <max> or earlier.
2025-10-18T12:49:30.7887080Z 
2025-10-18T12:49:30.7996240Z 
2025-10-18T12:49:31.3512130Z -- The C compiler identification is AppleClang 15.0.0.15000309
2025-10-18T12:49:35.0674370Z Compiling src/launcher/net/kdt/pojavlaunch/uikit/UIKitCallback.java
2025-10-18T12:49:36.4364040Z -- The CXX compiler identification is AppleClang 15.0.0.15000309
2025-10-18T12:49:36.4866140Z -- Detecting C compiler ABI info
2025-10-18T12:49:36.6763370Z -- Detecting C compiler ABI info - done
2025-10-18T12:49:36.6981520Z -- Check for working C compiler: /usr/bin/cc - skipped
2025-10-18T12:49:36.7082780Z -- Detecting C compile features
2025-10-18T12:49:36.7183960Z -- Detecting C compile features - done
2025-10-18T12:49:36.7285200Z -- Detecting CXX compiler ABI info
2025-10-18T12:49:36.9257760Z -- Detecting CXX compiler ABI info - done
2025-10-18T12:49:37.0701890Z -- Check for working CXX compiler: /usr/bin/c++ - skipped
2025-10-18T12:49:37.0820390Z -- Detecting CXX compile features
2025-10-18T12:49:37.0921600Z -- Detecting CXX compile features - done
2025-10-18T12:49:37.0922020Z -- Including mod loader icon in bundle: fabric_dark.png
2025-10-18T12:49:37.1023200Z -- Including mod loader icon in bundle: fabric_light.png
2025-10-18T12:49:37.1124840Z -- Including mod loader icon in bundle: forge_dark.png
2025-10-18T12:49:37.1225780Z -- Including mod loader icon in bundle: forge_light.png
2025-10-18T12:49:37.1327090Z -- Including mod loader icon in bundle: neoforge_dark.png
2025-10-18T12:49:37.1435790Z -- Including mod loader icon in bundle: neoforge_light.png
2025-10-18T12:49:37.1536970Z -- minizip folder not found, skipping minizip compilation.
2025-10-18T12:49:37.1641150Z -- Configuring done (6.4s)
2025-10-18T12:49:37.3453470Z -- Generating done (0.3s)
2025-10-18T12:49:37.3554730Z gmake[1]: warning: -j3 forced in submake: resetting jobserver mode.
2025-10-18T12:49:37.3555260Z -- Build files have been written to: /Users/runner/work/Amethyst-iOS-MyRemastered/Amethyst-iOS-MyRemastered/Natives/build
2025-10-18T12:49:37.3656590Z gmake[1]: Entering directory '/Users/runner/work/Amethyst-iOS-MyRemastered/Amethyst-iOS-MyRemastered/Natives/build'
2025-10-18T12:49:37.4012170Z [  1%] Building C object CMakeFiles/awt_headless.dir/awt_xawt/empty.m.o
2025-10-18T12:49:37.4129200Z [  2%] Building C object CMakeFiles/tinygl4angle.dir/external/gl4es/string_utils.c.o
2025-10-18T12:49:37.4254800Z [  2%] Building C object CMakeFiles/AFNetworking.dir/external/AFNetworking/AFNetworking/AFSecurityPolicy.m.o
2025-10-18T12:49:37.4669440Z [  3%] Linking C shared library libawt_headless.dylib
2025-10-18T12:49:37.5670990Z [  4%] Building C object CMakeFiles/tinygl4angle.dir/external/gl4es/tinygl4angle.c.o
2025-10-18T12:49:38.1698790Z /Users/runner/work/Amethyst-iOS-MyRemastered/Amethyst-iOS-MyRemastered/Natives/external/AFNetworking/AFNetworking/AFSecurityPolicy.m:68:46: warning: 'SecTrustCopyPublicKey' is deprecated: first deprecated in iOS 14.0 [-Wdeprecated-declarations]
2025-10-18T12:49:38.1803270Z     allowedPublicKey = (__bridge_transfer id)SecTrustCopyPublicKey(allowedTrust);
2025-10-18T12:49:38.1904370Z                                              ^~~~~~~~~~~~~~~~~~~~~
2025-10-18T12:49:38.2005360Z                                              SecTrustCopyKey
2025-10-18T12:49:38.2005920Z [  4%] Built target awt_headless
2025-10-18T12:49:38.2109090Z /Applications/Xcode_15.4.app/Contents/Developer/Platforms/iPhoneOS.platform/Developer/SDKs/iPhoneOS17.5.sdk/System/Library/Frameworks/Security.framework/Headers/SecTrust.h:476:11: note: 'SecTrustCopyPublicKey' has been explicitly marked deprecated here
2025-10-18T12:49:38.2210810Z SecKeyRef SecTrustCopyPublicKey(SecTrustRef trust)
2025-10-18T12:49:38.2311950Z           ^
2025-10-18T12:49:38.2312330Z [  5%] Building C object CMakeFiles/AmethystAccountJNI.dir/authenticator/MinecraftAccountJNI.m.o
2025-10-18T12:49:38.2414940Z /Users/runner/work/Amethyst-iOS-MyRemastered/Amethyst-iOS-MyRemastered/Natives/external/AFNetworking/AFNetworking/AFSecurityPolicy.m:129:53: warning: 'SecTrustCopyPublicKey' is deprecated: first deprecated in iOS 14.0 [-Wdeprecated-declarations]
2025-10-18T12:49:38.2516640Z         [trustChain addObject:(__bridge_transfer id)SecTrustCopyPublicKey(trust)];
2025-10-18T12:49:38.2623210Z                                                     ^~~~~~~~~~~~~~~~~~~~~
2025-10-18T12:49:38.2724270Z                                                     SecTrustCopyKey
2025-10-18T12:49:38.2825920Z /Applications/Xcode_15.4.app/Contents/Developer/Platforms/iPhoneOS.platform/Developer/SDKs/iPhoneOS17.5.sdk/System/Library/Frameworks/Security.framework/Headers/SecTrust.h:476:11: note: 'SecTrustCopyPublicKey' has been explicitly marked deprecated here
2025-10-18T12:49:38.2927800Z SecKeyRef SecTrustCopyPublicKey(SecTrustRef trust)
2025-10-18T12:49:38.3028820Z           ^
2025-10-18T12:49:38.4285290Z Note: src/launcher/net/kdt/pojavlaunch/PojavClassLoader.java uses or overrides a deprecated API.
2025-10-18T12:49:38.4408190Z Note: Recompile with -Xlint:deprecation for details.
2025-10-18T12:49:38.5049440Z 2 warnings generated.
2025-10-18T12:49:38.5234490Z [  6%] Building C object CMakeFiles/AFNetworking.dir/external/AFNetworking/AFNetworking/AFHTTPSessionManager.m.o
2025-10-18T12:49:38.6149970Z Compiling src/launcher/net/kdt/pojavlaunch/uikit/UIKit.java
2025-10-18T12:49:38.8797090Z [  7%] Linking C shared library libtinygl4angle.dylib
2025-10-18T12:49:38.9199320Z /Users/runner/work/Amethyst-iOS-MyRemastered/Amethyst-iOS-MyRemastered/Natives/authenticator/MinecraftAccountJNI.m:13:75: error: no known class method for selector 'tokenDataOfProfile:'
2025-10-18T12:49:38.9301060Z     NSString *accessToken = [NSClassFromString(@"MicrosoftAuthenticator") tokenDataOfProfile:@(xuidC)][@"accessToken"];
2025-10-18T12:49:38.9301900Z [  8%] Building C object CMakeFiles/AFNetworking.dir/external/AFNetworking/AFNetworking/AFURLRequestSerialization.m.o
2025-10-18T12:49:38.9403410Z                                                                           ^~~~~~~~~~~~~~~~~~
2025-10-18T12:49:38.9504360Z 1 error generated.
2025-10-18T12:49:38.9606830Z gmake[3]: *** [CMakeFiles/AmethystAccountJNI.dir/build.make:79: CMakeFiles/AmethystAccountJNI.dir/authenticator/MinecraftAccountJNI.m.o] Error 1
2025-10-18T12:49:38.9710520Z gmake[2]: *** [CMakeFiles/Makefile2:230: CMakeFiles/AmethystAccountJNI.dir/all] Error 2
2025-10-18T12:49:38.9811570Z gmake[2]: *** Waiting for unfinished jobs....
2025-10-18T12:49:39.1345500Z [  8%] Built target tinygl4angle
2025-10-18T12:49:39.1447620Z [  9%] Building C object CMakeFiles/AFNetworking.dir/external/AFNetworking/AFNetworking/AFURLSessionManager.m.o
2025-10-18T12:49:40.4743010Z [ 10%] Building C object CMakeFiles/AFNetworking.dir/external/AFNetworking/AFNetworking/AFNetworkReachabilityManager.m.o
2025-10-18T12:49:41.2682470Z [ 11%] Building C object CMakeFiles/AFNetworking.dir/external/AFNetworking/AFNetworking/AFURLResponseSerialization.m.o
2025-10-18T12:49:41.9956110Z [ 12%] Building C object CMakeFiles/AFNetworking.dir/external/AFNetworking/UIKit+AFNetworking/AFNetworkActivityIndicatorManager.m.o
2025-10-18T12:49:42.0079810Z [ 13%] Building C object CMakeFiles/AFNetworking.dir/external/AFNetworking/UIKit+AFNetworking/AFAutoPurgingImageCache.m.o
2025-10-18T12:49:42.2549790Z Compiling src/launcher/net/kdt/pojavlaunch/value/launcherprofiles/MinecraftSelectedUser.java
2025-10-18T12:49:42.7620930Z [ 14%] Building C object CMakeFiles/AFNetworking.dir/external/AFNetworking/UIKit+AFNetworking/AFImageDownloader.m.o
2025-10-18T12:49:43.4739540Z [ 15%] Building C object CMakeFiles/AFNetworking.dir/external/AFNetworking/UIKit+AFNetworking/UIButton+AFNetworking.m.o
2025-10-18T12:49:43.8054920Z /Users/runner/work/Amethyst-iOS-MyRemastered/Amethyst-iOS-MyRemastered/Natives/external/AFNetworking/UIKit+AFNetworking/AFNetworkActivityIndicatorManager.m:118:48: warning: 'setNetworkActivityIndicatorVisible:' is deprecated: first deprecated in iOS 13.0 - Provide a custom network activity UI in your app if desired. [-Wdeprecated-declarations]
2025-10-18T12:49:43.8155700Z             [[UIApplication sharedApplication] setNetworkActivityIndicatorVisible:networkActivityIndicatorVisible];
2025-10-18T12:49:43.8255950Z                                                ^
2025-10-18T12:49:43.8357630Z /Applications/Xcode_15.4.app/Contents/Developer/Platforms/iPhoneOS.platform/Developer/SDKs/iPhoneOS17.5.sdk/System/Library/Frameworks/UIKit.framework/Headers/UIApplication.h:113:68: note: property 'networkActivityIndicatorVisible' is declared deprecated here
2025-10-18T12:49:43.8457870Z @property(nonatomic,getter=isNetworkActivityIndicatorVisible) BOOL networkActivityIndicatorVisible API_UNAVAILABLE(tvos) API_DEPRECATED("Provide a custom network activity UI in your app if desired.", ios(2.0, 13.0)) API_UNAVAILABLE(visionos);
2025-10-18T12:49:43.8557770Z                                                                    ^
2025-10-18T12:49:43.8659830Z /Applications/Xcode_15.4.app/Contents/Developer/Platforms/iPhoneOS.platform/Developer/SDKs/iPhoneOS17.5.sdk/System/Library/Frameworks/UIKit.framework/Headers/UIApplication.h:113:68: note: 'setNetworkActivityIndicatorVisible:' has been explicitly marked deprecated here
2025-10-18T12:49:43.8883010Z 1 warning generated.
2025-10-18T12:49:43.9088810Z [ 16%] Building C object CMakeFiles/AFNetworking.dir/external/AFNetworking/UIKit+AFNetworking/UIImageView+AFNetworking.m.o
2025-10-18T12:49:45.2173660Z [ 17%] Linking C shared library libAFNetworking.dylib
2025-10-18T12:49:45.3787090Z gmake[1]: *** [Makefile:91: all] Error 2
2025-10-18T12:49:45.3787390Z [ 17%] Built target AFNetworking
2025-10-18T12:49:45.3888590Z gmake: *** [Makefile:257: native] Error 2
2025-10-18T12:49:45.3889230Z gmake[1]: Leaving directory '/Users/runner/work/Amethyst-iOS-MyRemastered/Amethyst-iOS-MyRemastered/Natives/build'
2025-10-18T12:49:45.3990600Z gmake: *** Waiting for unfinished jobs....
2025-10-18T12:49:45.9102550Z Compiling src/launcher/net/kdt/pojavlaunch/value/launcherprofiles/MinecraftResolution.java
2025-10-18T12:49:47.5504050Z Compiling src/launcher/net/kdt/pojavlaunch/value/launcherprofiles/MinecraftProfile.java
2025-10-18T12:49:50.9488870Z Note: src/launcher/net/kdt/pojavlaunch/PojavClassLoader.java uses or overrides a deprecated API.
2025-10-18T12:49:50.9588060Z Note: Recompile with -Xlint:deprecation for details.
2025-10-18T12:49:50.9688870Z Note: Some input files use unchecked or unsafe operations.
2025-10-18T12:49:50.9789760Z Note: Recompile with -Xlint:unchecked for details.
2025-10-18T12:49:51.0542500Z Compiling src/launcher/net/kdt/pojavlaunch/value/launcherprofiles/MinecraftLauncherProfiles.java
2025-10-18T12:49:51.2398170Z Compiling src/launcher/net/kdt/pojavlaunch/value/launcherprofiles/LauncherProfiles.java
2025-10-18T12:49:51.7023770Z <?xml version="1.0" encoding="UTF-8"?>
2025-10-18T12:49:51.7125530Z <!DOCTYPE plist PUBLIC "-//Apple//DTD PLIST 1.0//EN" "http://www.apple.com/DTDs/PropertyList-1.0.dtd">
2025-10-18T12:49:51.7225860Z <plist version="1.0">
2025-10-18T12:49:51.7326920Z <dict>
2025-10-18T12:49:51.7427750Z 	<key>com.apple.actool.compilation-results</key>
2025-10-18T12:49:51.7528680Z 	<dict>
2025-10-18T12:49:51.7629740Z 		<key>output-files</key>
2025-10-18T12:49:51.7730580Z 		<array>
2025-10-18T12:49:51.7831660Z 			<string>/Users/runner/work/Amethyst-iOS-MyRemastered/Amethyst-iOS-MyRemastered/Natives/resources/AppIcon-Light60x60@2x.png</string>
2025-10-18T12:49:51.7933200Z 			<string>/Users/runner/work/Amethyst-iOS-MyRemastered/Amethyst-iOS-MyRemastered/Natives/resources/AppIcon-Light76x76@2x~ipad.png</string>
2025-10-18T12:49:51.8034650Z 			<string>/Users/runner/work/Amethyst-iOS-MyRemastered/Amethyst-iOS-MyRemastered/Natives/resources/Assets.car</string>
2025-10-18T12:49:51.8136190Z 			<string>/dev/null</string>
2025-10-18T12:49:51.8237030Z 		</array>
2025-10-18T12:49:51.8337960Z 	</dict>
2025-10-18T12:49:51.8438900Z </dict>
2025-10-18T12:49:51.8540000Z </plist>
2025-10-18T12:49:51.8640740Z [Amethyst v1.0] assets - end
2025-10-18T12:49:55.3429040Z Note: src/launcher/net/kdt/pojavlaunch/PojavClassLoader.java uses or overrides a deprecated API.
2025-10-18T12:49:55.3530280Z Note: Recompile with -Xlint:deprecation for details.
2025-10-18T12:49:55.3631650Z Note: Some input files use unchecked or unsafe operations.
2025-10-18T12:49:55.3732620Z Note: Recompile with -Xlint:unchecked for details.
2025-10-18T12:49:55.4434770Z Compiling src/launcher/net/kdt/pojavlaunch/value/launcherprofiles/MinecraftAuthenticationDatabase.java
2025-10-18T12:49:56.9812170Z Compiling src/launcher/net/kdt/pojavlaunch/value/launcherprofiles/MinecraftLauncherSettings.java
2025-10-18T12:49:58.5952620Z Compiling src/launcher/net/kdt/pojavlaunch/value/MinecraftLibraryArtifact.java
2025-10-18T12:50:00.4945490Z Compiling src/launcher/net/kdt/pojavlaunch/value/MinecraftClientInfo.java
2025-10-18T12:50:01.3774060Z Note: src/launcher/net/kdt/pojavlaunch/PojavClassLoader.java uses or overrides a deprecated API.
2025-10-18T12:50:01.3874700Z Note: Recompile with -Xlint:deprecation for details.
2025-10-18T12:50:01.3982330Z Note: Some input files use unchecked or unsafe operations.
2025-10-18T12:50:01.4076160Z Note: Recompile with -Xlint:unchecked for details.
2025-10-18T12:50:01.4176250Z Compiling src/launcher/net/kdt/pojavlaunch/value/DependentLibrary.java
2025-10-18T12:50:01.4693350Z Note: src/launcher/net/kdt/pojavlaunch/PojavClassLoader.java uses or overrides a deprecated API.
2025-10-18T12:50:01.4794890Z Note: Recompile with -Xlint:deprecation for details.
2025-10-18T12:50:01.4896010Z Note: Some input files use unchecked or unsafe operations.
2025-10-18T12:50:01.4896550Z Note: Recompile with -Xlint:unchecked for details.
2025-10-18T12:50:01.5097240Z Compiling src/launcher/net/kdt/pojavlaunch/value/MinecraftAccount.java
2025-10-18T12:50:02.2654710Z Compiling src/launcher/net/kdt/pojavlaunch/value/ForgeInstallProfile.java
2025-10-18T12:50:03.1341010Z Compiling src/launcher/net/kdt/pojavlaunch/utils/MCOptionUtils.java
2025-10-18T12:50:04.3387070Z Compiling src/launcher/net/kdt/pojavlaunch/utils/JSONUtils.java
2025-10-18T12:50:06.5485030Z Compiling src/launcher/net/kdt/pojavlaunch/JVersion.java
2025-10-18T12:50:09.4018700Z Compiling src/launcher/net/kdt/pojavlaunch/JAssets.java
2025-10-18T12:50:12.0174460Z Note: src/launcher/net/kdt/pojavlaunch/PojavClassLoader.java uses or overrides a deprecated API.
2025-10-18T12:50:12.0275840Z Note: Recompile with -Xlint:deprecation for details.
2025-10-18T12:50:12.0376230Z Note: Some input files use unchecked or unsafe operations.
2025-10-18T12:50:12.0477510Z Note: Recompile with -Xlint:unchecked for details.
2025-10-18T12:50:12.0879110Z Compiling src/launcher/net/kdt/pojavlaunch/JAssetInfo.java
2025-10-18T12:50:12.1191570Z Compiling src/launcher/net/kdt/pojavlaunch/Tools.java
2025-10-18T12:50:13.1137640Z Note: src/launcher/net/kdt/pojavlaunch/PojavClassLoader.java uses or overrides a deprecated API.
2025-10-18T12:50:13.1238910Z Note: Recompile with -Xlint:deprecation for details.
2025-10-18T12:50:13.1347820Z Note: Some input files use unchecked or unsafe operations.
2025-10-18T12:50:13.1449080Z Note: Recompile with -Xlint:unchecked for details.
2025-10-18T12:50:13.2252240Z Compiling src/launcher/net/kdt/pojavlaunch/JMinecraftVersionList.java
2025-10-18T12:50:13.7612680Z Compiling src/launcher/android/util/Objects.java
2025-10-18T12:50:15.2930270Z Compiling src/launcher/android/util/ArrayMap.java
2025-10-18T12:50:16.0063980Z Compiling src/launcher/android/util/EmptyArray.java
2025-10-18T12:50:17.7541910Z Compiling src/launcher/android/util/ContainerHelpers.java
2025-10-18T12:50:19.4650780Z Compiling src/launcher/android/util/MapCollections.java
2025-10-18T12:50:20.3563840Z Note: Some input files use unchecked or unsafe operations.
2025-10-18T12:50:20.3664330Z Note: Recompile with -Xlint:unchecked for details.
2025-10-18T12:50:20.3966470Z Compiling src/launcher/com/mojang/text2speech/NarratorWindows.java
2025-10-18T12:50:20.5872260Z Note: src/launcher/net/kdt/pojavlaunch/PojavClassLoader.java uses or overrides a deprecated API.
2025-10-18T12:50:20.5973230Z Note: Recompile with -Xlint:deprecation for details.
2025-10-18T12:50:20.6075890Z Note: Some input files use unchecked or unsafe operations.
2025-10-18T12:50:20.6178080Z Note: Recompile with -Xlint:unchecked for details.
2025-10-18T12:50:20.6797560Z Compiling src/launcher/com/mojang/text2speech/Narrator.java
2025-10-18T12:50:22.1235080Z Compiling src/launcher/com/mojang/text2speech/NarratorOSX.java
2025-10-18T12:50:23.2903120Z Note: src/launcher/android/util/MapCollections.java uses unchecked or unsafe operations.
2025-10-18T12:50:23.3008880Z Note: Recompile with -Xlint:unchecked for details.
2025-10-18T12:50:23.3009280Z Compiling src/launcher/com/mojang/text2speech/NarratorLinux.java
2025-10-18T12:50:23.3429830Z Compiling src/launcher/com/mojang/text2speech/Text2Speech.java
2025-10-18T12:50:24.4827110Z Compiling src/lwjgl/org/lwjgl/input/InfdevMouse.java
2025-10-18T12:50:25.6271520Z Compiling src/lwjgl/org/lwjgl/glfw/CallbackBridge.java
2025-10-18T12:50:25.8588320Z Compiling src/lwjgl/org/lwjgl/glfw/GLFWNativeCocoa.java
2025-10-18T12:50:26.8989640Z Compiling src/lwjgl/org/lwjgl/glfw/Callbacks.java
2025-10-18T12:50:28.1350640Z Compiling src/lwjgl/org/lwjgl/glfw/GLFWVulkan.java
2025-10-18T12:50:28.3975040Z Compiling src/lwjgl/org/lwjgl/glfw/GLFWNativeEGL.java
2025-10-18T12:50:30.2771270Z Compiling src/lwjgl/org/lwjgl/glfw/GLFWWindowProperties.java
2025-10-18T12:50:36.1955360Z Note: src/launcher/net/kdt/pojavlaunch/PojavClassLoader.java uses or overrides a deprecated API.
2025-10-18T12:50:36.2073940Z Note: Recompile with -Xlint:deprecation for details.
2025-10-18T12:50:36.2175180Z Note: Some input files use unchecked or unsafe operations.
2025-10-18T12:50:36.2276560Z Note: Recompile with -Xlint:unchecked for details.
2025-10-18T12:50:36.2578810Z Compiling src/lwjgl/org/lwjgl/glfw/GLFW.java
2025-10-18T12:50:36.7886840Z Note: src/launcher/net/kdt/pojavlaunch/PojavClassLoader.java uses or overrides a deprecated API.
2025-10-18T12:50:36.7988190Z Note: Recompile with -Xlint:deprecation for details.
2025-10-18T12:50:36.8089550Z Note: Some input files use unchecked or unsafe operations.
2025-10-18T12:50:36.8190690Z Note: Recompile with -Xlint:unchecked for details.
2025-10-18T12:50:36.9491780Z Compiling src/patchjna_agent/net/kdt/patchjna/PatchJNAAgent.java
2025-10-18T12:50:39.1348700Z Compiling src/patchjna_agent/com/sun/jna/Platform.java
2025-10-18T12:50:39.5770630Z Note: src/launcher/net/kdt/pojavlaunch/PojavClassLoader.java uses or overrides a deprecated API.
2025-10-18T12:50:39.5870850Z Note: Recompile with -Xlint:deprecation for details.
2025-10-18T12:50:39.5972160Z Note: Some input files use unchecked or unsafe operations.
2025-10-18T12:50:39.6072480Z Note: Recompile with -Xlint:unchecked for details.
2025-10-18T12:50:41.4913640Z Note: src/patchjna_agent/com/sun/jna/Platform.java uses unchecked or unsafe operations.
2025-10-18T12:50:41.5014790Z Note: Recompile with -Xlint:unchecked for details.
2025-10-18T12:50:44.1845280Z Note: src/launcher/net/kdt/pojavlaunch/PojavClassLoader.java uses or overrides a deprecated API.
2025-10-18T12:50:44.1947050Z Note: Recompile with -Xlint:deprecation for details.
2025-10-18T12:50:44.2048250Z Note: Some input files use unchecked or unsafe operations.
2025-10-18T12:50:44.2151240Z Note: Recompile with -Xlint:unchecked for details.
2025-10-18T12:50:44.2252520Z Creating build/launcher.jar
2025-10-18T12:50:44.2353760Z Creating build/lwjgl.jar
2025-10-18T12:50:44.2554930Z Creating build/patchjna_agent.jar
2025-10-18T12:50:50.9392650Z gmake[1]: Leaving directory '/Users/runner/work/Amethyst-iOS-MyRemastered/Amethyst-iOS-MyRemastered/JavaApp'
2025-10-18T12:50:50.9496670Z [Amethyst v1.0] java - end
2025-10-18T12:50:50.9587480Z ##[error]Process completed with exit code 2.
2025-10-18T12:50:50.9758540Z Post job cleanup.
2025-10-18T12:50:51.3057580Z [command]/opt/homebrew/bin/git version
2025-10-18T12:50:51.3159110Z git version 2.50.1
2025-10-18T12:50:51.3668040Z Copying '/Users/runner/.gitconfig' to '/Users/runner/work/_temp/7ea3fc8b-80b0-4f20-97b4-0309aa0bfe20/.gitconfig'
2025-10-18T12:50:51.3769440Z Temporarily overriding HOME='/Users/runner/work/_temp/7ea3fc8b-80b0-4f20-97b4-0309aa0bfe20' before making global git config changes
2025-10-18T12:50:51.3870550Z Adding repository directory to the temporary git global config as a safe directory
2025-10-18T12:50:51.3951000Z [command]/opt/homebrew/bin/git config --global --add safe.directory /Users/runner/work/Amethyst-iOS-MyRemastered/Amethyst-iOS-MyRemastered
2025-10-18T12:50:51.4254780Z [command]/opt/homebrew/bin/git config --local --name-only --get-regexp core\.sshCommand
2025-10-18T12:50:51.4562490Z [command]/opt/homebrew/bin/git submodule foreach --recursive sh -c "git config --local --name-only --get-regexp 'core\.sshCommand' && git config --local --unset-all 'core.sshCommand' || :"
2025-10-18T12:50:51.4663820Z Entering 'Natives/external/AFNetworking'
2025-10-18T12:50:51.4966970Z Entering 'Natives/external/DBNumberedSlider'
2025-10-18T12:50:51.5207960Z Entering 'Natives/external/MobileGlues'
2025-10-18T12:50:51.5477950Z Entering 'Natives/external/MobileGlues/src/main/cpp/3rdparty/glm'
2025-10-18T12:50:51.5779730Z Entering 'Natives/external/MobileGlues/src/main/cpp/3rdparty/perfetto'
2025-10-18T12:50:51.6112560Z Entering 'Natives/external/MobileGlues/src/main/cpp/3rdparty/xxhash'
2025-10-18T12:50:51.6413210Z Entering 'Natives/external/fishhook'
2025-10-18T12:50:51.6892300Z [command]/opt/homebrew/bin/git config --local --name-only --get-regexp http\.https\:\/\/github\.com\/\.extraheader
2025-10-18T12:50:51.6993600Z http.https://github.com/.extraheader
2025-10-18T12:50:51.7307810Z [command]/opt/homebrew/bin/git config --local --unset-all http.https://github.com/.extraheader
2025-10-18T12:50:51.7611460Z [command]/opt/homebrew/bin/git submodule foreach --recursive sh -c "git config --local --name-only --get-regexp 'http\.https\:\/\/github\.com\/\.extraheader' && git config --local --unset-all 'http.https://github.com/.extraheader' || :"
2025-10-18T12:50:51.7929390Z Entering 'Natives/external/AFNetworking'
2025-10-18T12:50:51.8196190Z Entering 'Natives/external/DBNumberedSlider'
2025-10-18T12:50:51.8497730Z Entering 'Natives/external/MobileGlues'
2025-10-18T12:50:51.8728440Z Entering 'Natives/external/MobileGlues/src/main/cpp/3rdparty/glm'
2025-10-18T12:50:51.9001720Z Entering 'Natives/external/MobileGlues/src/main/cpp/3rdparty/perfetto'
2025-10-18T12:50:51.9233380Z Entering 'Natives/external/MobileGlues/src/main/cpp/3rdparty/xxhash'
2025-10-18T12:50:51.9506910Z Entering 'Natives/external/fishhook'
2025-10-18T12:50:52.0055180Z Cleaning up orphan processes
2025-10-18T12:50:52.9618160Z Terminate orphan process: pid (7095) (ibtoold)
